#-----------------------------------------------------------
# PlanAhead v14.7
# Build 321239 by xbuild on Fri Sep 27 19:31:35 MDT 2013
# Start of session at: Tue Dec 14 23:15:25 2021
# Process ID: 17604
# Log file: C:/Users/KIRTTIPHOOM/Desktop/labdigi/project_10/planAhead_run_1/planAhead.log
# Journal file: C:/Users/KIRTTIPHOOM/Desktop/labdigi/project_10/planAhead_run_1/planAhead.jou
#-----------------------------------------------------------
start_gui
source C:/Users/KIRTTIPHOOM/Desktop/labdigi/project_10/pa.fromHdl.tcl
update_compile_order -fileset sim_1
startgroup
set_property package_pin P24 [get_ports {Ain[8]}]
endgroup
startgroup
set_property package_pin P22 [get_ports {Ain[7]}]
endgroup
startgroup
set_property package_pin P17 [get_ports {Ain[6]}]
endgroup
startgroup
set_property package_pin P15 [get_ports {Ain[5]}]
endgroup
startgroup
set_property package_pin P12 [get_ports {Ain[4]}]
endgroup
startgroup
set_property package_pin P10 [get_ports {Ain[3]}]
endgroup
startgroup
set_property package_pin P8 [get_ports {Ain[2]}]
endgroup
startgroup
set_property package_pin P6 [get_ports {Ain[1]}]
endgroup
startgroup
set_property package_pin P23 [get_ports {Ain[0]}]
endgroup
save_constraints
startgroup
set_property package_pin P21 [get_ports {Ain[0]}]
endgroup
save_constraints
startgroup
set_property package_pin P1 [get_ports {Bin[8]}]
endgroup
startgroup
set_property package_pin P142 [get_ports {Bin[7]}]
endgroup
startgroup
set_property package_pin P140 [get_ports {Bin[6]}]
endgroup
startgroup
set_property package_pin P138 [get_ports {Bin[5]}]
endgroup
startgroup
set_property package_pin P134 [get_ports {Bin[4]}]
endgroup
startgroup
set_property package_pin P132 [get_ports {Bin[3]}]
endgroup
startgroup
set_property package_pin P127 [get_ports {Bin[2]}]
endgroup
startgroup
set_property package_pin P124 [get_ports {Bin[1]}]
endgroup
startgroup
set_property package_pin P131 [get_ports {Bin[0]}]
endgroup
save_constraints
startgroup
set_property package_pin P121 [get_ports {LED[8]}]
endgroup
startgroup
set_property package_pin P120 [get_ports {LED[7]}]
endgroup
startgroup
set_property package_pin P119 [get_ports {LED[6]}]
endgroup
startgroup
set_property package_pin P118 [get_ports {LED[5]}]
endgroup
startgroup
set_property package_pin P117 [get_ports {LED[4]}]
endgroup
startgroup
set_property package_pin P116 [get_ports {LED[3]}]
endgroup
startgroup
set_property package_pin P115 [get_ports {LED[2]}]
endgroup
startgroup
set_property package_pin P114 [get_ports {LED[1]}]
endgroup
startgroup
set_property package_pin P111 [get_ports {LED[0]}]
endgroup
save_constraints
startgroup
set_property package_pin P45 [get_ports regame]
endgroup
save_constraints
startgroup
set_property package_pin P123 [get_ports osc]
endgroup
save_constraints
set_property package_pin "" [get_ports [list  Gout]]
startgroup
set_property package_pin P112 [get_ports {LED[0]}]
endgroup
startgroup
set_property package_pin P111 [get_ports Gout]
endgroup
save_constraints
startgroup
set_property package_pin P62 [get_ports sw1]
endgroup
startgroup
set_property package_pin P66 [get_ports sw0]
endgroup
startgroup
set_property package_pin P23 [get_ports Vout]
endgroup
save_constraints
startgroup
set_property package_pin P41 [get_ports a]
endgroup
startgroup
set_property package_pin P40 [get_ports b]
endgroup
startgroup
set_property package_pin P35 [get_ports c]
endgroup
startgroup
set_property package_pin P44 [get_ports com0]
endgroup
startgroup
set_property package_pin P43 [get_ports com1]
endgroup
startgroup
set_property package_pin P33 [get_ports com2]
endgroup
startgroup
set_property package_pin P30 [get_ports com3]
endgroup
startgroup
set_property package_pin P34 [get_ports d]
endgroup
startgroup
set_property package_pin P32 [get_ports e]
endgroup
startgroup
set_property package_pin P29 [get_ports f]
endgroup
startgroup
set_property package_pin P27 [get_ports g]
endgroup
startgroup
set_property package_pin P26 [get_ports Gout]
endgroup
save_constraints
